[    0.646483] initcall: level=0 name=ipc_ns_init+0x0/0x50
[    0.647207] initcall: level=0 name=init_mmap_min_addr+0x0/0x30
[    0.647483] initcall: level=0 name=pci_realloc_setup_params+0x0/0x60
[    0.647813] initcall: level=0 name=inet_frag_wq_init+0x0/0x40
[    0.650799] initcall: level=1 name=e820__register_nvs_regions+0x0/0x60
[    0.651222] initcall: level=1 name=cpufreq_register_tsc_scaling+0x0/0x40
[    0.651707] initcall: level=1 name=reboot_init+0x0/0x50
[    0.652655] initcall: level=1 name=init_lapic_sysfs+0x0/0x30
[    0.653018] initcall: level=1 name=alloc_frozen_cpus+0x0/0x10
[    0.653289] initcall: level=1 name=cpu_hotplug_pm_sync_init+0x0/0x20
[    0.653492] initcall: level=1 name=wq_sysfs_init+0x0/0x80
[    0.654450] initcall: level=1 name=ksysfs_init+0x0/0xb0
[    0.655131] initcall: level=1 name=schedutil_gov_init+0x0/0x10
[    0.655624] initcall: level=1 name=pm_init+0x0/0x80
[    0.656765] initcall: level=1 name=pm_disk_init+0x0/0x20
[    0.657226] initcall: level=1 name=swsusp_header_init+0x0/0x30
[    0.657574] initcall: level=1 name=rcu_set_runtime_mode+0x0/0x20
[    0.658573] initcall: level=1 name=init_jiffies_clocksource+0x0/0x20
[    0.660872] initcall: level=1 name=futex_init+0x0/0xe0
[    0.662231] initcall: level=1 name=cgroup_wq_init+0x0/0x30
[    0.662563] initcall: level=1 name=cgroup1_wq_init+0x0/0x30
[    0.663041] initcall: level=1 name=trace_events_eprobe_init_early+0x0/0x40
[    0.663690] initcall: level=1 name=init_kprobe_trace_early+0x0/0x40
[    0.664497] initcall: level=1 name=fsnotify_init+0x0/0x50
[    0.665219] initcall: level=1 name=filelock_init+0x0/0xd0
[    0.665703] initcall: level=1 name=init_misc_binfmt+0x0/0x50
[    0.666122] initcall: level=1 name=init_script_binfmt+0x0/0x20
[    0.666497] initcall: level=1 name=init_elf_binfmt+0x0/0x20
[    0.666777] initcall: level=1 name=init_compat_elf_binfmt+0x0/0x20
[    0.667078] initcall: level=1 name=debugfs_init+0x0/0x80
[    0.667367] initcall: level=1 name=tracefs_init+0x0/0x80
[    0.667775] initcall: level=1 name=virtio_init+0x0/0x30
[    0.668192] initcall: level=1 name=iommu_init+0x0/0x30
[    0.668501] initcall: level=1 name=component_debug_init+0x0/0x20
[    0.671567] initcall: level=1 name=early_resume_init+0x0/0xf0
[    0.672783] initcall: level=1 name=cpufreq_core_init+0x0/0xa0
[    0.673613] initcall: level=1 name=cpufreq_gov_performance_init+0x0/0x10
[    0.674038] initcall: level=1 name=cpufreq_gov_userspace_init+0x0/0x10
[    0.674343] initcall: level=1 name=CPU_FREQ_GOV_ONDEMAND_init+0x0/0x10
[    0.674451] initcall: level=1 name=cpuidle_init+0x0/0x20
[    0.674734] initcall: level=1 name=sock_init+0x0/0xb0
[    0.679165] initcall: level=1 name=net_inuse_init+0x0/0x30
[    0.679371] initcall: level=1 name=net_defaults_init+0x0/0x50
[    0.679510] initcall: level=1 name=init_default_flow_dissectors+0x0/0x60
[    0.679856] initcall: level=1 name=netpoll_init+0x0/0x30
[    0.680056] initcall: level=1 name=netlink_proto_init+0x0/0x1d0
[    0.685919] initcall: level=1 name=genl_init+0x0/0x50
[    0.686956] initcall: level=1 name=bsp_pm_check_init+0x0/0x20
[    0.687758] initcall: level=2 name=irq_sysfs_init+0x0/0xe0
[    0.688611] initcall: level=2 name=audit_init+0x0/0x180
[    0.691097] initcall: level=2 name=release_early_probes+0x0/0x40
[    0.691320] initcall: level=2 name=bdi_class_init+0x0/0x40
[    0.691708] initcall: level=2 name=mm_sysfs_init+0x0/0x30
[    0.691928] initcall: level=2 name=init_per_zone_wmark_min+0x0/0x30
[    0.692885] initcall: level=2 name=mpi_init+0x0/0x60
[    0.693623] initcall: level=2 name=pcibus_class_init+0x0/0x10
[    0.693883] initcall: level=2 name=pci_driver_init+0x0/0x30
[    0.694203] initcall: level=2 name=backlight_class_init+0x0/0xb0
[    0.694545] initcall: level=2 name=tty_class_init+0x0/0x10
[    0.694778] initcall: level=2 name=vtconsole_class_init+0x0/0xc0
[    0.695622] initcall: level=2 name=iommu_dev_init+0x0/0x10
[    0.695832] initcall: level=2 name=mipi_dsi_bus_init+0x0/0x10
[    0.696058] initcall: level=2 name=devlink_class_init+0x0/0x50
[    0.696456] initcall: level=2 name=software_node_init+0x0/0x30
[    0.696693] initcall: level=2 name=wakeup_sources_debugfs_init+0x0/0x30
[    0.697139] initcall: level=2 name=wakeup_sources_sysfs_init+0x0/0x30
[    0.697391] initcall: level=2 name=regmap_initcall+0x0/0x10
[    0.697696] initcall: level=2 name=i2c_init+0x0/0xf0
[    0.698851] initcall: level=2 name=thermal_init+0x0/0x170
[    0.699501] initcall: level=2 name=init_menu+0x0/0x10
[    0.700580] initcall: level=2 name=init_haltpoll+0x0/0x20
[    0.700769] initcall: level=2 name=pcc_init+0x0/0x70
[    0.701237] initcall: level=2 name=amd_postcore_init+0x0/0x130
[    0.701600] initcall: level=2 name=kobject_uevent_init+0x0/0x10
[    0.702458] initcall: level=3 name=bts_init+0x0/0xc0
[    0.702647] initcall: level=3 name=pt_init+0x0/0x400
[    0.702906] initcall: level=3 name=boot_params_ksysfs_init+0x0/0x340
[    0.703250] initcall: level=3 name=sbf_init+0x0/0xe0
[    0.703448] initcall: level=3 name=arch_kdebugfs_init+0x0/0x220
[    0.703808] initcall: level=3 name=xfd_update_static_branch+0x0/0x30
[    0.704054] initcall: level=3 name=intel_pconfig_init+0x0/0x90
[    0.704237] initcall: level=3 name=mtrr_if_init+0x0/0x70
[    0.704476] initcall: level=3 name=activate_jump_labels+0x0/0x40
[    0.704676] initcall: level=3 name=init_s4_sigcheck+0x0/0x30
[    0.704864] initcall: level=3 name=ffh_cstate_init+0x0/0x40
[    0.705089] initcall: level=3 name=kvm_alloc_cpumask+0x0/0xf0
[    0.705267] initcall: level=3 name=activate_jump_labels+0x0/0x40
[    0.705454] initcall: level=3 name=kcmp_cookies_init+0x0/0x40
[    0.705753] initcall: level=3 name=cryptomgr_init+0x0/0x10
[    0.705945] initcall: level=3 name=acpi_pci_init+0x0/0x50
[    0.706147] initcall: level=3 name=dma_channel_table_init+0x0/0x120
[    0.706545] initcall: level=3 name=dma_bus_init+0x0/0xf0
[    0.707032] initcall: level=3 name=serial_base_init+0x0/0x70
[    0.707443] initcall: level=3 name=iommu_dma_init+0x0/0x20
[    0.707758] initcall: level=3 name=dmi_id_init+0x0/0x3e0
[    0.708616] initcall: level=3 name=pci_arch_init+0x0/0x90
[    0.710481] initcall: level=4 name=init_vdso_image_64+0x0/0x10
[    0.710774] initcall: level=4 name=init_vdso_image_32+0x0/0x10
[    0.710995] initcall: level=4 name=fixup_ht_bug+0x0/0x140
[    0.711178] initcall: level=4 name=mtrr_init_finalize+0x0/0x40
[    0.712396] initcall: level=4 name=uid_cache_init+0x0/0xc0
[    0.712529] initcall: level=4 name=param_sysfs_init+0x0/0x50
[    0.712737] initcall: level=4 name=user_namespace_sysctl_init+0x0/0xd0
[    0.713164] initcall: level=4 name=proc_schedstat_init+0x0/0x30
[    0.713485] initcall: level=4 name=pm_sysrq_init+0x0/0x20
[    0.713854] initcall: level=4 name=create_proc_profile+0x0/0xf0
[    0.714131] initcall: level=4 name=crash_save_vmcoreinfo_init+0x0/0x6d0
[    0.715537] initcall: level=4 name=crash_notes_memory_init+0x0/0x40
[    0.715768] initcall: level=4 name=crash_hotplug_init+0x0/0x30
[    0.715963] initcall: level=4 name=cgroup_sysfs_init+0x0/0x20
[    0.716196] initcall: level=4 name=init_optprobes+0x0/0x30
[    0.716731] initcall: level=4 name=trace_eval_init+0x0/0xc0
[    0.717101] initcall: level=4 name=oom_init+0x0/0x60
[    0.719683] initcall: level=4 name=default_bdi_init+0x0/0x30
[    0.722317] initcall: level=4 name=percpu_enable_async+0x0/0x20
[    0.722512] initcall: level=4 name=kcompactd_init+0x0/0xe0
[    0.724935] initcall: level=4 name=init_user_reserve+0x0/0x40
[    0.725521] initcall: level=4 name=init_admin_reserve+0x0/0x40
[    0.726051] initcall: level=4 name=init_reserve_notifier+0x0/0x10
[    0.726494] initcall: level=4 name=swap_init_sysfs+0x0/0x80
[    0.727164] initcall: level=4 name=swapfile_init+0x0/0xf0
[    0.728023] initcall: level=4 name=hugetlb_init+0x0/0x700
[    0.735054] initcall: level=4 name=memory_tier_init+0x0/0x6b0
[    0.737605] initcall: level=4 name=numa_init_sysfs+0x0/0x80
[    0.737958] initcall: level=4 name=seqiv_module_init+0x0/0x10
[    0.738288] initcall: level=4 name=echainiv_module_init+0x0/0x10
[    0.738496] initcall: level=4 name=rsa_init+0x0/0x50
[    0.739708] initcall: level=4 name=crypto_cmac_module_init+0x0/0x10
[    0.740083] initcall: level=4 name=hmac_module_init+0x0/0x10
[    0.740362] initcall: level=4 name=crypto_null_mod_init+0x0/0x80
[    0.741076] initcall: level=4 name=md5_mod_init+0x0/0x10
[    0.741522] initcall: level=4 name=sha256_generic_mod_init+0x0/0x20
[    0.742056] initcall: level=4 name=sha512_generic_mod_init+0x0/0x20
[    0.742477] initcall: level=4 name=sha3_generic_mod_init+0x0/0x20
[    0.742779] initcall: level=4 name=crypto_ecb_module_init+0x0/0x10
[    0.743051] initcall: level=4 name=crypto_cbc_module_init+0x0/0x10
[    0.743321] initcall: level=4 name=crypto_ctr_module_init+0x0/0x20
[    0.743839] initcall: level=4 name=crypto_gcm_module_init+0x0/0x80
[    0.744293] initcall: level=4 name=crypto_ccm_module_init+0x0/0x20
[    0.744640] initcall: level=4 name=aes_init+0x0/0x10
[    0.744953] initcall: level=4 name=crc32c_mod_init+0x0/0x10
[    0.745161] initcall: level=4 name=crypto_authenc_module_init+0x0/0x10
[    0.745451] initcall: level=4 name=crypto_authenc_esn_module_init+0x0/0x10
[    0.745664] initcall: level=4 name=drbg_init+0x0/0x1c0
[    0.746459] initcall: level=4 name=ghash_mod_init+0x0/0x10
[    0.746660] initcall: level=4 name=init_bio+0x0/0x90
[    0.747978] initcall: level=4 name=blk_ioc_init+0x0/0x30
[    0.748195] initcall: level=4 name=blk_mq_init+0x0/0x170
[    0.748596] initcall: level=4 name=genhd_device_init+0x0/0x50
[    0.749523] initcall: level=4 name=io_wq_init+0x0/0x40
[    0.749727] initcall: level=4 name=sg_pool_init+0x0/0xc0
[    0.750062] initcall: level=4 name=pci_slot_init+0x0/0x50
[    0.750342] initcall: level=4 name=acpi_init+0x0/0x510
[    0.908540] initcall: level=4 name=pnp_init+0x0/0x10
[    0.908707] initcall: level=4 name=misc_init+0x0/0xb0
[    0.909318] initcall: level=4 name=iommu_subsys_init+0x0/0x170
[    0.909880] initcall: level=4 name=cn_init+0x0/0x100
[    0.910238] initcall: level=4 name=dma_buf_init+0x0/0xc0
[    0.910737] initcall: level=4 name=init_scsi+0x0/0x90
[    0.911992] initcall: level=4 name=ata_init+0x0/0x3f0
[    0.913752] initcall: level=4 name=phy_init+0x0/0x300
[    0.914573] initcall: level=4 name=init_pcmcia_cs+0x0/0x40
[    0.914820] initcall: level=4 name=usb_common_init+0x0/0x20
[    0.915072] initcall: level=4 name=usb_init+0x0/0x180
[    0.916805] initcall: level=4 name=serio_init+0x0/0x40
[    0.917056] initcall: level=4 name=input_init+0x0/0x150
[    0.917462] initcall: level=4 name=rtc_init+0x0/0x50
[    0.917727] initcall: level=4 name=pps_init+0x0/0xc0
[    0.918363] initcall: level=4 name=ptp_init+0x0/0xb0
[    0.918627] initcall: level=4 name=power_supply_class_init+0x0/0x40
[    0.918953] initcall: level=4 name=hwmon_init+0x0/0x110
[    0.919232] initcall: level=4 name=md_init+0x0/0x160
[    0.920623] initcall: level=4 name=leds_init+0x0/0x10
[    0.920819] initcall: level=4 name=dmi_init+0x0/0x140
[    0.921376] initcall: level=4 name=efisubsys_init+0x0/0x620
[    0.921501] initcall: level=4 name=nvmem_init+0x0/0x10
[    0.921732] initcall: level=4 name=init_soundcore+0x0/0x10
[    0.921957] initcall: level=4 name=alsa_sound_init+0x0/0xa0
[    0.922955] initcall: level=4 name=alsa_seq_device_init+0x0/0x80
[    0.923255] initcall: level=4 name=hda_bus_init+0x0/0x10
[    0.923489] initcall: level=4 name=proto_init+0x0/0x10
[    0.923678] initcall: level=4 name=net_dev_init+0x0/0x290
[    0.930200] initcall: level=4 name=neigh_init+0x0/0x90
[    0.930367] initcall: level=4 name=fib_notifier_init+0x0/0x10
[    0.930516] initcall: level=4 name=netdev_genl_init+0x0/0x50
[    0.932350] initcall: level=4 name=fib_rules_init+0x0/0xc0
[    0.932608] initcall: level=4 name=init_cgroup_netprio+0x0/0x20
[    0.932833] initcall: level=4 name=pktsched_init+0x0/0x140
[    0.933311] initcall: level=4 name=tc_filter_init+0x0/0x110
[    0.933618] initcall: level=4 name=tc_action_init+0x0/0x60
[    0.933828] initcall: level=4 name=ethnl_init+0x0/0x80
[    0.934563] initcall: level=4 name=nexthop_init+0x0/0x100
[    0.934927] initcall: level=4 name=cipso_v4_init+0x0/0x70
[    0.935200] initcall: level=4 name=ieee80211_init+0x0/0x70
[    0.935763] initcall: level=4 name=netlbl_init+0x0/0x80
[    0.937453] initcall: level=4 name=rfkill_init+0x0/0x150
[    0.941602] initcall: level=4 name=pci_subsys_init+0x0/0x80
[    0.943172] initcall: level=4 name=vsprintf_init_hashval+0x0/0x20
[    0.943388] initcall: level=4 name=efi_runtime_map_init+0x0/0x260
[    0.943504] initcall: level=4 name=vga_arb_device_init+0x0/0xa0
[    0.945570] initcall: level=4 name=acpi_wmi_init+0x0/0x90
[    0.946507] initcall: level=5 name=nmi_warning_debugfs+0x0/0x30
[    0.946754] initcall: level=5 name=hpet_late_init+0x0/0x400
[    0.952491] initcall: level=5 name=init_amd_nbs+0x0/0x4c0
[    0.953599] initcall: level=5 name=iomem_init_inode+0x0/0xa0
[    0.953964] initcall: level=5 name=clocksource_done_booting+0x0/0x50
[    0.958274] initcall: level=5 name=tracer_init_tracefs+0x0/0xf0
[    0.961438] initcall: level=5 name=init_trace_printk_function_export+0x0/0x30
[    0.964010] initcall: level=5 name=init_kprobe_trace+0x0/0x1d0
[    0.965259] initcall: level=5 name=init_dynamic_event+0x0/0x30
[    0.966442] initcall: level=5 name=init_uprobe_trace+0x0/0x70
[    0.967457] initcall: level=5 name=secretmem_init+0x0/0x50
[    0.968732] initcall: level=5 name=init_fs_stat_sysctls+0x0/0x40
[    0.969774] initcall: level=5 name=init_fs_exec_sysctls+0x0/0x30
[    0.970770] initcall: level=5 name=init_pipe_fs+0x0/0x70
[    0.971996] initcall: level=5 name=init_fs_namei_sysctls+0x0/0x30
[    0.972912] initcall: level=5 name=init_fs_dcache_sysctls+0x0/0x30
[    0.973975] initcall: level=5 name=init_fs_namespace_sysctls+0x0/0x30
[    0.974888] initcall: level=5 name=inotify_user_setup+0x0/0x100
[    0.975994] initcall: level=5 name=eventpoll_init+0x0/0x110
[    0.976757] initcall: level=5 name=anon_inode_init+0x0/0x60
[    0.977567] initcall: level=5 name=proc_locks_init+0x0/0x30
[    0.978268] initcall: level=5 name=init_fs_coredump_sysctls+0x0/0x30
[    0.978848] initcall: level=5 name=iomap_init+0x0/0x20
[    0.979861] initcall: level=5 name=dquot_init+0x0/0x170
[    0.982034] initcall: level=5 name=quota_init+0x0/0x30
[    0.983382] initcall: level=5 name=proc_cmdline_init+0x0/0x40
[    0.983953] initcall: level=5 name=proc_consoles_init+0x0/0x30
[    0.984673] initcall: level=5 name=proc_cpuinfo_init+0x0/0x30
[    0.985314] initcall: level=5 name=proc_devices_init+0x0/0x30
[    0.985835] initcall: level=5 name=proc_interrupts_init+0x0/0x30
[    0.986477] initcall: level=5 name=proc_loadavg_init+0x0/0x30
[    0.986955] initcall: level=5 name=proc_meminfo_init+0x0/0x30
[    0.987605] initcall: level=5 name=proc_stat_init+0x0/0x30
[    0.988056] initcall: level=5 name=proc_uptime_init+0x0/0x30
[    0.988684] initcall: level=5 name=proc_version_init+0x0/0x30
[    0.989265] initcall: level=5 name=proc_softirqs_init+0x0/0x30
[    0.989727] initcall: level=5 name=proc_kcore_init+0x0/0x190
[    0.992211] initcall: level=5 name=vmcore_init+0x0/0x600
[    0.992867] initcall: level=5 name=proc_kmsg_init+0x0/0x30
[    0.993514] initcall: level=5 name=proc_page_init+0x0/0x40
[    0.994009] initcall: level=5 name=netfs_init+0x0/0x70
[    0.994660] initcall: level=5 name=init_ramfs_fs+0x0/0x10
[    0.995301] initcall: level=5 name=init_hugetlbfs_fs+0x0/0x140
[    0.996819] initcall: level=5 name=acpi_event_init+0x0/0x40
[    0.997431] initcall: level=5 name=pnp_system_init+0x0/0x10
[    0.997913] initcall: level=5 name=pnpacpi_init+0x0/0x80
[    1.011643] initcall: level=5 name=chr_dev_init+0x0/0xa0
[    1.038580] initcall: level=5 name=hwrng_modinit+0x0/0xb0
[    1.039042] initcall: level=5 name=firmware_class_init+0x0/0x100
[    1.039392] initcall: level=5 name=init_pcmcia_bus+0x0/0x80
[    1.039653] initcall: level=5 name=init_acpi_pm_clocksource+0x0/0x100
[    1.044829] initcall: level=5 name=p2sb_fs_init+0x0/0x130
[    1.045247] initcall: level=5 name=sysctl_core_init+0x0/0x30
[    1.045577] initcall: level=5 name=eth_offload_init+0x0/0x20
[    1.045844] initcall: level=5 name=ipv4_offload_init+0x0/0xa0
[    1.046227] initcall: level=5 name=inet_init+0x0/0x300
[    1.061667] initcall: level=5 name=af_unix_init+0x0/0xd0
[    1.062307] initcall: level=5 name=ipv6_offload_init+0x0/0x90
[    1.062646] initcall: level=5 name=init_sunrpc+0x0/0x90
[    1.065965] initcall: level=5 name=cfg80211_init+0x0/0xe0
[    1.068251] initcall: level=5 name=pcibios_assign_resources+0x0/0xd0
[    1.070771] initcall: level=5 name=pci_apply_final_quirks+0x0/0x160
[    1.072714] initcall: level=5 name=acpi_reserve_resources+0x0/0x110
[    1.073043] initcall: level=5 name=populate_rootfs+0x0/0x50
[    1.073669] initcall: level=5 name=pci_iommu_init+0x0/0x40
[    1.074468] initcall: level=6 name=ia32_binfmt_init+0x0/0x30
[    1.074660] initcall: level=6 name=rapl_pmu_init+0x0/0x2e0
[    1.074884] initcall: level=6 name=amd_ibs_init+0x0/0x3d0
[    1.075082] initcall: level=6 name=amd_uncore_init+0x0/0x1b0
[    1.075333] initcall: level=6 name=amd_iommu_pc_init+0x0/0x260
[    1.075560] initcall: level=6 name=msr_init+0x0/0x60
[    1.076168] initcall: level=6 name=intel_uncore_init+0x0/0x650
[    1.076376] initcall: level=6 name=cstate_pmu_init+0x0/0x2a0
[    1.076557] initcall: level=6 name=register_kernel_offset_dumper+0x0/0x20
[    1.076759] initcall: level=6 name=i8259A_init_ops+0x0/0x30
[    1.076948] initcall: level=6 name=init_tsc_clocksource+0x0/0xd0
[    1.077292] initcall: level=6 name=add_rtc_cmos+0x0/0xc0
[    1.077528] initcall: level=6 name=i8237A_init_ops+0x0/0x40
[    1.077760] initcall: level=6 name=umwait_init+0x0/0xc0
[    1.077954] initcall: level=6 name=msr_init+0x0/0xe0
[    1.082349] initcall: level=6 name=cpuid_init+0x0/0xe0
[    1.084325] initcall: level=6 name=ioapic_init_ops+0x0/0x20
[    1.084448] initcall: level=6 name=add_pcspkr+0x0/0x70
[    1.084767] initcall: level=6 name=start_periodic_check_for_corruption+0x0/0x50
[    1.085028] initcall: level=6 name=audit_classes_init+0x0/0xc0
[    1.085411] initcall: level=6 name=pt_dump_init+0x0/0x50
[    1.085589] initcall: level=6 name=iosf_mbi_init+0x0/0x30
[    1.085979] initcall: level=6 name=proc_execdomains_init+0x0/0x30
[    1.086286] initcall: level=6 name=register_warn_debugfs+0x0/0x30
[    1.086506] initcall: level=6 name=cpuhp_sysfs_init+0x0/0x120
[    1.086849] initcall: level=6 name=ioresources_init+0x0/0x50
[    1.087031] initcall: level=6 name=snapshot_device_init+0x0/0x10
[    1.087507] initcall: level=6 name=irq_pm_init_ops+0x0/0x20
[    1.087678] initcall: level=6 name=proc_modules_init+0x0/0x30
[    1.087878] initcall: level=6 name=timer_sysctl_init+0x0/0x30
[    1.088070] initcall: level=6 name=timekeeping_init_ops+0x0/0x20
[    1.088333] initcall: level=6 name=init_clocksource_sysfs+0x0/0x30
[    1.088717] initcall: level=6 name=init_timer_list_procfs+0x0/0x40
[    1.088923] initcall: level=6 name=alarmtimer_init+0x0/0xf0
[    1.089359] initcall: level=6 name=init_posix_timers+0x0/0x30
[    1.089550] initcall: level=6 name=clockevents_init_sysfs+0x0/0x100
[    1.090305] initcall: level=6 name=proc_dma_init+0x0/0x30
[    1.090495] initcall: level=6 name=kallsyms_init+0x0/0x30
[    1.090651] initcall: level=6 name=pid_namespaces_init+0x0/0x50
[    1.090860] initcall: level=6 name=audit_watch_init+0x0/0x50
[    1.091108] initcall: level=6 name=audit_fsnotify_init+0x0/0x50
[    1.091350] initcall: level=6 name=audit_tree_init+0x0/0x80
[    1.091558] initcall: level=6 name=seccomp_sysctl_init+0x0/0x30
[    1.091748] initcall: level=6 name=utsname_sysctl_init+0x0/0x30
[    1.091924] initcall: level=6 name=init_tracepoints+0x0/0x40
[    1.092104] initcall: level=6 name=init_blk_tracer+0x0/0x70
[    1.191144] initcall: level=6 name=perf_event_sysfs_init+0x0/0xa0
[    1.192071] initcall: level=6 name=system_trusted_keyring_init+0x0/0x70
[    1.193447] initcall: level=6 name=kswapd_init+0x0/0x80
[    1.193920] initcall: level=6 name=extfrag_debug_init+0x0/0x60
[    1.194278] initcall: level=6 name=mm_compute_batch_init+0x0/0x80
[    1.194496] initcall: level=6 name=slab_proc_init+0x0/0x30
[    1.194658] initcall: level=6 name=workingset_init+0x0/0xd0
[    1.195091] initcall: level=6 name=proc_vmalloc_init+0x0/0x40
[    1.195377] initcall: level=6 name=slab_debugfs_init+0x0/0x70
[    1.195616] initcall: level=6 name=procswaps_init+0x0/0x30
[    1.195796] initcall: level=6 name=fcntl_init+0x0/0x30
[    1.195971] initcall: level=6 name=proc_filesystems_init+0x0/0x30
[    1.196226] initcall: level=6 name=start_dirtytime_writeback+0x0/0x30
[    1.196475] initcall: level=6 name=dio_init+0x0/0x30
[    1.196665] initcall: level=6 name=dnotify_init+0x0/0xa0
[    1.196908] initcall: level=6 name=aio_setup+0x0/0xa0
[    1.197550] initcall: level=6 name=mbcache_init+0x0/0x40
[    1.197748] initcall: level=6 name=init_grace+0x0/0x10
[    1.197964] initcall: level=6 name=init_v2_quota_format+0x0/0x30
[    1.198304] initcall: level=6 name=init_devpts_fs+0x0/0x50
[    1.198509] initcall: level=6 name=ext4_init_fs+0x0/0x200
[    1.199227] initcall: level=6 name=journal_init+0x0/0x150
[    1.199593] initcall: level=6 name=init_fat_fs+0x0/0x60
[    1.199822] initcall: level=6 name=init_vfat_fs+0x0/0x10
[    1.199976] initcall: level=6 name=init_msdos_fs+0x0/0x10
[    1.200184] initcall: level=6 name=init_iso9660_fs+0x0/0x90
[    1.200492] initcall: level=6 name=init_nfs_fs+0x0/0x170
[    1.202098] initcall: level=6 name=init_nfs_v2+0x0/0x20
[    1.202427] initcall: level=6 name=init_nfs_v3+0x0/0x20
[    1.202583] initcall: level=6 name=init_nfs_v4+0x0/0x60
[    1.203562] initcall: level=6 name=init_nlm+0x0/0x80
[    1.203868] initcall: level=6 name=init_nls_cp437+0x0/0x20
[    1.204160] initcall: level=6 name=init_nls_ascii+0x0/0x20
[    1.204318] initcall: level=6 name=init_nls_iso8859_1+0x0/0x20
[    1.204479] initcall: level=6 name=init_nls_utf8+0x0/0x30
[    1.204640] initcall: level=6 name=init_autofs_fs+0x0/0x40
[    1.205169] initcall: level=6 name=init_v9fs+0x0/0x120
[    1.205592] initcall: level=6 name=ipc_init+0x0/0x30
[    1.206010] initcall: level=6 name=ipc_sysctl_init+0x0/0x40
[    1.206442] initcall: level=6 name=init_mqueue_fs+0x0/0xd0
[    1.207253] initcall: level=6 name=key_proc_init+0x0/0x70
[    1.207467] initcall: level=6 name=selinux_nf_ip_init+0x0/0x40
[    1.209633] initcall: level=6 name=init_sel_fs+0x0/0x140
[    1.211074] initcall: level=6 name=selnl_init+0x0/0xa0
[    1.211362] initcall: level=6 name=sel_netif_init+0x0/0x40
[    1.211585] initcall: level=6 name=sel_netnode_init+0x0/0x40
[    1.211783] initcall: level=6 name=sel_netport_init+0x0/0x40
[    1.211963] initcall: level=6 name=aurule_init+0x0/0x30
[    1.212196] initcall: level=6 name=jent_mod_init+0x0/0xe0
[    1.274728] initcall: level=6 name=asymmetric_key_init+0x0/0x10
[    1.275016] initcall: level=6 name=x509_key_init+0x0/0x10
[    1.275427] initcall: level=6 name=blkdev_init+0x0/0x20
[    1.275637] initcall: level=6 name=proc_genhd_init+0x0/0x50
[    1.275814] initcall: level=6 name=bsg_init+0x0/0xa0
[    1.276323] initcall: level=6 name=ioprio_init+0x0/0x10
[    1.276708] initcall: level=6 name=iolatency_init+0x0/0x10
[    1.276906] initcall: level=6 name=ioc_init+0x0/0x10
[    1.277185] initcall: level=6 name=deadline_init+0x0/0x10
[    1.277594] initcall: level=6 name=kyber_init+0x0/0x10
[    1.277897] initcall: level=6 name=io_uring_init+0x0/0x80
[    1.278229] initcall: level=6 name=blake2s_mod_init+0x0/0x10
[    1.278414] initcall: level=6 name=percpu_counter_startup+0x0/0x70
[    1.278825] initcall: level=6 name=pcie_portdrv_init+0x0/0x40
[    1.279269] initcall: level=6 name=pci_proc_init+0x0/0x80
[    1.279617] initcall: level=6 name=pci_hotplug_init+0x0/0x10
[    1.279787] initcall: level=6 name=ged_driver_init+0x0/0x20
[    1.280013] initcall: level=6 name=acpi_ac_init+0x0/0x50
[    1.280561] initcall: level=6 name=acpi_button_driver_init+0x0/0x60
[    1.288310] initcall: level=6 name=acpi_fan_driver_init+0x0/0x20
[    1.288539] initcall: level=6 name=acpi_video_init+0x0/0x120
[    1.288902] initcall: level=6 name=acpi_processor_driver_init+0x0/0xc0
[    1.290949] initcall: level=6 name=acpi_thermal_init+0x0/0x90
[    1.291649] initcall: level=6 name=acpi_battery_init+0x0/0x40
[    1.291904] initcall: level=6 name=bgrt_init+0x0/0xe0
[    1.292297] initcall: level=6 name=virtio_pci_driver_init+0x0/0x20
[    1.292580] initcall: level=6 name=virtio_input_driver_init+0x0/0x10
[    1.292839] initcall: level=6 name=n_null_init+0x0/0x20
[    1.293077] initcall: level=6 name=pty_init+0x0/0x230
[    1.293986] initcall: level=6 name=sysrq_init+0x0/0x80
[    1.294327] initcall: level=6 name=serial8250_init+0x0/0x1e0
[    1.302176] initcall: level=6 name=exar_pci_driver_init+0x0/0x20
[    1.302392] initcall: level=6 name=lpss8250_pci_driver_init+0x0/0x20
[    1.302614] initcall: level=6 name=mid8250_pci_driver_init+0x0/0x20
[    1.302819] initcall: level=6 name=serial_pci_driver_init+0x0/0x20
[    1.303083] initcall: level=6 name=pericom8250_pci_driver_init+0x0/0x20
[    1.303426] initcall: level=6 name=random_sysctls_init+0x0/0x30
[    1.303711] initcall: level=6 name=virtio_console_init+0x0/0xe0
[    1.304068] initcall: level=6 name=hpet_init+0x0/0x90
[    1.306177] initcall: level=6 name=nvram_module_init+0x0/0xa0
[    1.306803] initcall: level=6 name=via_rng_mod_init+0x0/0x60
[    1.307006] initcall: level=6 name=agp_init+0x0/0x30
[    1.307358] initcall: level=6 name=agp_amd64_mod_init+0x0/0x10
[    1.308081] initcall: level=6 name=agp_intel_init+0x0/0x30
[    1.309223] initcall: level=6 name=drm_core_init+0x0/0x100
[    1.309912] initcall: level=6 name=drm_buddy_module_init+0x0/0x40
[    1.310169] initcall: level=6 name=drm_display_helper_module_init+0x0/0x10
[    1.310372] initcall: level=6 name=i915_init+0x0/0xc0
[    1.311000] initcall: level=6 name=virtio_gpu_driver_init+0x0/0x10
[    1.311286] initcall: level=6 name=cn_proc_init+0x0/0x50
[    1.311542] initcall: level=6 name=topology_sysfs_init+0x0/0x30
[    1.311914] initcall: level=6 name=cacheinfo_sysfs_init+0x0/0x30
[    1.314414] initcall: level=6 name=loop_init+0x0/0x100
[    1.342995] initcall: level=6 name=virtio_blk_init+0x0/0x90
[    1.343650] initcall: level=6 name=my_rng_driver_init+0x0/0x90
[    1.344780] initcall: level=6 name=mei_init+0x0/0xa0
[    1.345333] initcall: level=6 name=mei_me_driver_init+0x0/0x20
[    1.345775] initcall: level=6 name=mac_hid_init+0x0/0x40
[    1.346255] initcall: level=6 name=spi_transport_init+0x0/0x90
[    1.346948] initcall: level=6 name=virtio_scsi_init+0x0/0xe0
[    1.347616] initcall: level=6 name=init_sd+0x0/0x110
[    1.348465] initcall: level=6 name=init_sr+0x0/0x60
[    1.348882] initcall: level=6 name=init_sg+0x0/0x210
[    1.349678] initcall: level=6 name=ahci_pci_driver_init+0x0/0x20
[    1.350258] initcall: level=6 name=piix_init+0x0/0x30
[    1.384432] initcall: level=6 name=amd_pci_driver_init+0x0/0x20
[    1.384925] initcall: level=6 name=oldpiix_pci_driver_init+0x0/0x20
[    1.388383] initcall: level=6 name=sch_pci_driver_init+0x0/0x20
[    1.388897] initcall: level=6 name=blackhole_netdev_init+0x0/0x80
[    1.390664] initcall: level=6 name=fixed_mdio_bus_init+0x0/0x110
[    1.393215] initcall: level=6 name=phy_module_init+0x0/0x20
[    1.394835] initcall: level=6 name=virtio_net_driver_init+0x0/0xb0
[    1.395356] initcall: level=6 name=tg3_driver_init+0x0/0x20
[    1.395684] initcall: level=6 name=e100_init_module+0x0/0x60
[    1.396579] initcall: level=6 name=e1000_init_module+0x0/0x90
[    2.009511] initcall: level=6 name=e1000_init_module+0x0/0x40
[    2.010605] initcall: level=6 name=sky2_init_module+0x0/0x30
[    2.011315] initcall: level=6 name=forcedeth_pci_driver_init+0x0/0x20
[    2.011742] initcall: level=6 name=rtl8139_init_module+0x0/0x20
[    2.012247] initcall: level=6 name=rtl8169_pci_driver_init+0x0/0x20
[    2.012666] initcall: level=6 name=net_failover_init+0x0/0x10
[    2.012969] initcall: level=6 name=cdrom_init+0x0/0x10
[    2.013348] initcall: level=6 name=nonstatic_sysfs_init+0x0/0x10
[    2.013655] initcall: level=6 name=yenta_cardbus_driver_init+0x0/0x20
[    2.014080] initcall: level=6 name=mon_init+0x0/0x140
[    2.016934] initcall: level=6 name=ehci_hcd_init+0x0/0x80
[    2.017531] initcall: level=6 name=ehci_pci_init+0x0/0x60
[    2.019273] initcall: level=6 name=ohci_hcd_mod_init+0x0/0x50
[    2.019661] initcall: level=6 name=ohci_pci_init+0x0/0x60
[    2.020225] initcall: level=6 name=uhci_hcd_init+0x0/0xb0
[    2.020616] initcall: level=6 name=xhci_hcd_init+0x0/0x30
[    2.020916] initcall: level=6 name=xhci_pci_init+0x0/0x70
[    2.021539] initcall: level=6 name=usblp_driver_init+0x0/0x20
[    2.022064] initcall: level=6 name=usb_storage_driver_init+0x0/0x30
[    2.022786] initcall: level=6 name=i8042_init+0x0/0x650
[    2.029639] initcall: level=6 name=serport_init+0x0/0x40
[    2.029821] initcall: level=6 name=input_leds_init+0x0/0x10
[    2.030018] initcall: level=6 name=evdev_init+0x0/0x10
[    2.031986] initcall: level=6 name=atkbd_init+0x0/0x30
[    2.032417] initcall: level=6 name=psmouse_init+0x0/0xa0
[    2.032857] initcall: level=6 name=cmos_init+0x0/0x90
[    2.051437] initcall: level=6 name=smbalert_driver_init+0x0/0x20
[    2.051863] initcall: level=6 name=i801_driver_init+0x0/0xe0
[    2.052505] initcall: level=6 name=ptp_kvm_init+0x0/0xe0
[    2.052994] initcall: level=6 name=thermal_throttle_init_device+0x0/0x50
[    2.053645] initcall: level=6 name=dm_init+0x0/0x70
[    2.055884] initcall: level=6 name=dm_mirror_init+0x0/0x70
[    2.056409] initcall: level=6 name=dm_dirty_log_init+0x0/0xf0
[    2.056997] initcall: level=6 name=dm_zero_init+0x0/0x10
[    2.057425] initcall: level=6 name=intel_pstate_init+0x0/0x890
[    2.057802] initcall: level=6 name=haltpoll_init+0x0/0x130
[    2.058252] initcall: level=6 name=esrt_sysfs_init+0x0/0x2e0
[    2.058601] initcall: level=6 name=hid_init+0x0/0x60
[    2.059636] initcall: level=6 name=hid_generic_init+0x0/0x20
[    2.060104] initcall: level=6 name=a4_driver_init+0x0/0x20
[    2.060484] initcall: level=6 name=apple_driver_init+0x0/0x20
[    2.060767] initcall: level=6 name=belkin_driver_init+0x0/0x20
[    2.061108] initcall: level=6 name=ch_driver_init+0x0/0x20
[    2.061509] initcall: level=6 name=ch_driver_init+0x0/0x20
[    2.061779] initcall: level=6 name=cp_driver_init+0x0/0x20
[    2.062043] initcall: level=6 name=ez_driver_init+0x0/0x20
[    2.062418] initcall: level=6 name=gyration_driver_init+0x0/0x20
[    2.062719] initcall: level=6 name=ite_driver_init+0x0/0x20
[    2.063006] initcall: level=6 name=ks_driver_init+0x0/0x20
[    2.063349] initcall: level=6 name=lg_driver_init+0x0/0x20
[    2.063633] initcall: level=6 name=lg_g15_driver_init+0x0/0x20
[    2.063919] initcall: level=6 name=ms_driver_init+0x0/0x20
[    2.064263] initcall: level=6 name=mr_driver_init+0x0/0x20
[    2.064537] initcall: level=6 name=ntrig_driver_init+0x0/0x20
[    2.064849] initcall: level=6 name=pl_driver_init+0x0/0x20
[    2.065213] initcall: level=6 name=pl_driver_init+0x0/0x20
[    2.065499] initcall: level=6 name=redragon_driver_init+0x0/0x20
[    2.065801] initcall: level=6 name=samsung_driver_init+0x0/0x20
[    2.066224] initcall: level=6 name=sony_init+0x0/0x20
[    2.066533] initcall: level=6 name=sp_driver_init+0x0/0x20
[    2.066803] initcall: level=6 name=ts_driver_init+0x0/0x20
[    2.067106] initcall: level=6 name=hid_init+0x0/0x80
[    2.068058] initcall: level=6 name=wmi_bmof_driver_init+0x0/0x20
[    2.068500] initcall: level=6 name=eeepc_laptop_init+0x0/0x70
[    2.069039] initcall: level=6 name=alsa_hwdep_init+0x0/0x70
[    2.069459] initcall: level=6 name=alsa_timer_init+0x0/0x2c0
[    2.070894] initcall: level=6 name=snd_hrtimer_init+0x0/0x130
[    2.071393] initcall: level=6 name=alsa_pcm_init+0x0/0x80
[    2.071618] initcall: level=6 name=alsa_seq_init+0x0/0x60
[    2.073416] initcall: level=6 name=alsa_seq_dummy_init+0x0/0xf0
[    2.074255] initcall: level=6 name=azx_driver_init+0x0/0x20
[    2.074528] initcall: level=6 name=sock_diag_init+0x0/0x30
[    2.074894] initcall: level=6 name=failover_init+0x0/0x20
[    2.075368] initcall: level=6 name=blackhole_init+0x0/0x10
[    2.075559] initcall: level=6 name=init_cgroup_cls+0x0/0x10
[    2.075769] initcall: level=6 name=nfnetlink_init+0x0/0x70
[    2.076181] initcall: level=6 name=nfnetlink_log_init+0x0/0xc0
[    2.076687] initcall: level=6 name=nf_conntrack_standalone_init+0x0/0xb0
[    2.078499] initcall: level=6 name=ctnetlink_init+0x0/0xa0
[    2.078655] initcall: level=6 name=nf_conntrack_ftp_init+0x0/0x120
[    2.079248] initcall: level=6 name=nf_conntrack_irc_init+0x0/0x170
[    2.079523] initcall: level=6 name=nf_conntrack_sip_init+0x0/0x1a0
[    2.079835] initcall: level=6 name=nf_nat_init+0x0/0xc0
[    2.080404] initcall: level=6 name=nf_nat_ftp_init+0x0/0x30
[    2.080603] initcall: level=6 name=nf_nat_irc_init+0x0/0x30
[    2.080781] initcall: level=6 name=nf_nat_sip_init+0x0/0x40
[    2.080969] initcall: level=6 name=xt_init+0x0/0x140
[    2.081374] initcall: level=6 name=tcpudp_mt_init+0x0/0x20
[    2.081664] initcall: level=6 name=connsecmark_tg_init+0x0/0x10
[    2.081928] initcall: level=6 name=nflog_tg_init+0x0/0x10
[    2.082184] initcall: level=6 name=secmark_tg_init+0x0/0x20
[    2.082401] initcall: level=6 name=tcpmss_tg_init+0x0/0x20
[    2.082561] initcall: level=6 name=conntrack_mt_init+0x0/0x20
[    2.082739] initcall: level=6 name=policy_mt_init+0x0/0x20
[    2.082900] initcall: level=6 name=state_mt_init+0x0/0x10
[    2.083175] initcall: level=6 name=gre_offload_init+0x0/0x60
[    2.083362] initcall: level=6 name=sysctl_ipv4_init+0x0/0x60
[    2.083817] initcall: level=6 name=tunnel4_init+0x0/0x70
[    2.083999] initcall: level=6 name=nf_defrag_init+0x0/0x30
[    2.084220] initcall: level=6 name=ip_tables_init+0x0/0x80
[    2.084652] initcall: level=6 name=iptable_filter_init+0x0/0xa0
[    2.085176] initcall: level=6 name=iptable_mangle_init+0x0/0x90
[    2.085426] initcall: level=6 name=reject_tg_init+0x0/0x10
[    2.085606] initcall: level=6 name=cubictcp_register+0x0/0x70
[    2.085831] initcall: level=6 name=xfrm_user_init+0x0/0x40
[    2.086330] initcall: level=6 name=inet6_init+0x0/0x3d0
[    2.112225] initcall: level=6 name=ah6_init+0x0/0x80
[    2.112976] initcall: level=6 name=esp6_init+0x0/0x80
[    2.113494] initcall: level=6 name=ip6_tables_init+0x0/0x80
[    2.114003] initcall: level=6 name=ip6table_filter_init+0x0/0x90
[    2.114620] initcall: level=6 name=ip6table_mangle_init+0x0/0x90
[    2.115064] initcall: level=6 name=nf_defrag_init+0x0/0x70
[    2.115973] initcall: level=6 name=ipv6header_mt6_init+0x0/0x10
[    2.116408] initcall: level=6 name=reject_tg6_init+0x0/0x10
[    2.116708] initcall: level=6 name=sit_init+0x0/0xe0
[    2.122333] initcall: level=6 name=packet_init+0x0/0x90
[    2.122986] initcall: level=6 name=init_rpcsec_gss+0x0/0x80
[    2.123942] initcall: level=6 name=init_kerberos_module+0x0/0x40
[    2.124710] initcall: level=6 name=init_p9+0x0/0x30
[    2.125921] initcall: level=6 name=p9_trans_fd_init+0x0/0x30
[    2.126322] initcall: level=6 name=p9_virtio_init+0x0/0x60
[    2.126668] initcall: level=6 name=init_dns_resolver+0x0/0x100
[    2.127368] initcall: level=6 name=handshake_init+0x0/0xa0
[    2.128041] initcall: level=6 name=pm_check_save_msr+0x0/0xd0
[    2.128625] initcall: level=6 name=mcheck_init_device+0x0/0x140
[    2.131723] initcall: level=7 name=kernel_do_mounts_initrd_sysctls_init+0x0/0x30
[    2.131965] initcall: level=7 name=sld_mitigate_sysctl_init+0x0/0x30
[    2.132246] initcall: level=7 name=intel_epb_init+0x0/0xa0
[    2.132450] initcall: level=7 name=mcheck_late_init+0x0/0x90
[    2.132733] initcall: level=7 name=severities_debugfs_init+0x0/0x30
[    2.132959] initcall: level=7 name=microcode_init+0x0/0x1f0
[    2.133263] initcall: level=7 name=cpu_init_debugfs+0x0/0xe0
[    2.133606] initcall: level=7 name=hpet_insert_resource+0x0/0x30
[    2.133822] initcall: level=7 name=start_sync_check_timer+0x0/0x60
[    2.134026] initcall: level=7 name=update_mp_table+0x0/0x680
[    2.134316] initcall: level=7 name=lapic_insert_resource+0x0/0x50
[    2.134510] initcall: level=7 name=print_ipi_mode+0x0/0x40
[    2.134818] initcall: level=7 name=print_ICs+0x0/0x130
[    2.134999] initcall: level=7 name=setup_efi_kvm_sev_migration+0x0/0x10
[    2.135269] initcall: level=7 name=create_tlb_single_page_flush_ceiling+0x0/0x30
[    2.135566] initcall: level=7 name=pat_memtype_list_init+0x0/0x40
[    2.135817] initcall: level=7 name=create_init_pkru_value+0x0/0x40
[    2.136021] initcall: level=7 name=kernel_panic_sysctls_init+0x0/0x30
[    2.136287] initcall: level=7 name=kernel_panic_sysfs_init+0x0/0x20
[    2.136581] initcall: level=7 name=kernel_exit_sysctls_init+0x0/0x30
[    2.136817] initcall: level=7 name=kernel_exit_sysfs_init+0x0/0x20
[    2.137016] initcall: level=7 name=param_sysfs_builtin_init+0x0/0x1a0
[    2.157528] initcall: level=7 name=reboot_ksysfs_init+0x0/0x80
[    2.157771] initcall: level=7 name=sched_core_sysctl_init+0x0/0x30
[    2.157963] initcall: level=7 name=sched_fair_sysctl_init+0x0/0x30
[    2.158222] initcall: level=7 name=sched_rt_sysctl_init+0x0/0x30
[    2.158427] initcall: level=7 name=sched_dl_sysctl_init+0x0/0x30
[    2.158603] initcall: level=7 name=sched_clock_init_late+0x0/0x90
[    2.158839] initcall: level=7 name=cpu_latency_qos_init+0x0/0x50
[    2.160081] initcall: level=7 name=pm_debugfs_init+0x0/0x30
[    2.160392] initcall: level=7 name=printk_late_init+0x0/0x160
[    2.160657] initcall: level=7 name=init_srcu_module_notifier+0x0/0x40
[    2.160856] initcall: level=7 name=swiotlb_create_default_debugfs+0x0/0xb0
[    2.161170] initcall: level=7 name=tk_debug_sleep_time_init+0x0/0x30
[    2.161387] initcall: level=7 name=kernel_acct_sysctls_init+0x0/0x30
[    2.161593] initcall: level=7 name=kexec_core_sysctl_init+0x0/0x30
[    2.161788] initcall: level=7 name=bpf_rstat_kfunc_init+0x0/0x10
[    2.161959] initcall: level=7 name=debugfs_kprobe_init+0x0/0x80
[    2.162296] initcall: level=7 name=kernel_delayacct_sysctls_init+0x0/0x30
[    2.162499] initcall: level=7 name=taskstats_init+0x0/0x40
[    2.162860] initcall: level=7 name=load_system_certificate_list+0x0/0x40
[    2.163399] initcall: level=7 name=fault_around_debugfs+0x0/0x30
[    2.163629] initcall: level=7 name=slab_sysfs_init+0x0/0x100
[    2.173628] initcall: level=7 name=max_swapfiles_check+0x0/0x10
[    2.173802] initcall: level=7 name=hugetlb_vmemmap_init+0x0/0x80
[    2.174044] initcall: level=7 name=check_early_ioremap_leak+0x0/0x60
[    2.174306] initcall: level=7 name=init_root_keyring+0x0/0x10
[    2.176546] initcall: level=7 name=integrity_fs_init+0x0/0x20
[    2.176718] initcall: level=7 name=crypto_algapi_init+0x0/0x10
[    2.176921] initcall: level=7 name=blk_timeout_init+0x0/0x20
[    2.177112] initcall: level=7 name=depot_debugfs_init+0x0/0x40
[    2.177382] initcall: level=7 name=pci_resource_alignment_sysfs_init+0x0/0x20
[    2.177641] initcall: level=7 name=pci_sysfs_init+0x0/0x90
[    2.178302] initcall: level=7 name=dmar_free_unused_resources+0x0/0xc0
[    2.178556] initcall: level=7 name=sync_state_resume_initcall+0x0/0x10
[    2.178818] initcall: level=7 name=deferred_probe_initcall+0x0/0x90
[    2.179492] initcall: level=7 name=late_resume_init+0x0/0x190
[    2.180043] initcall: level=7 name=init_netconsole+0x0/0x2b0
[    2.181296] initcall: level=7 name=acpi_cpufreq_init+0x0/0x20
[    2.181801] initcall: level=7 name=firmware_memmap_init+0x0/0x40
[    2.182257] initcall: level=7 name=register_update_efi_random_seed+0x0/0x30
[    2.182481] initcall: level=7 name=efi_shutdown_init+0x0/0x50
[    2.182685] initcall: level=7 name=efi_earlycon_unmap_fb+0x0/0x50
[    2.182888] initcall: level=7 name=bpf_kfunc_init+0x0/0x10
[    2.183071] initcall: level=7 name=init_subsystem+0x0/0x10
[    2.183335] initcall: level=7 name=xdp_metadata_init+0x0/0x10
[    2.183510] initcall: level=7 name=tcp_congestion_default+0x0/0x20
[    2.183800] initcall: level=7 name=ip_auto_config+0x0/0x14e0
[    2.184208] initcall: level=7 name=regulatory_init_db+0x0/0x150
[    2.218951] initcall: level=7 name=pci_mmcfg_late_insert_resources+0x0/0x70
[    2.219567] initcall: level=7 name=software_resume_initcall+0x0/0x120
[    2.220069] initcall: level=7 name=trace_eval_sync+0x0/0x20
[    2.222737] initcall: level=7 name=late_trace_init+0x0/0xc0
[    2.226729] initcall: level=7 name=alsa_sound_last_init+0x0/0x80
